// Jest Snapshot v1, https://goo.gl/fbAQLP

exports[`renders footer 1`] = `
<footer
  className="px8 py4"
/>
`;
